---
source: tui/src/chatwidget/tests/composer_submission.rs
expression: "normalize_snapshot_paths(render_bottom_popup(&chat, 80)).replace('◦', \"•\")"
---
• Reconnect failed — Ctrl+R to retry (0s)

• Queued follow-up inputs
  ↳ x
    shift+← edit last queued message

› describe

  ctrl+r retry connection    ctrl+c quit
